I'm sorry, but errors were detected in your script. Please correct the
errors listed below, and try again.


File "game/script.rpy", line 1209: end of line expected.
    jump script_14:
                  ^

Ren'Py Version: Ren'Py 8.3.7.25031702
Sat Jul 19 15:07:08 2025
